slurmstepd: error: *** JOB 27768 ON n04 CANCELLED AT 2025-01-14T14:19:43 ***
